// Jest Snapshot v1, https://goo.gl/fbAQLP

exports[`component navHeader 1`] = `
<div>
  <h1>
    Expensify
  </h1>
  <ul>
    <li>
      <NavLink
        activeClassName="is-active"
        to="/create"
      >
        create
      </NavLink>
    </li>
    <li>
      <NavLink
        activeClassName="is-active"
        to="/help"
      >
        help
      </NavLink>
    </li>
    <li>
      <NavLink
        activeClassName="is-active"
        exact={true}
        to="/"
      >
        home
      </NavLink>
    </li>
  </ul>
</div>
`;
